[0m13:17:39.647371 [debug] [MainThread]: Sending event: {'category': 'dbt', 'action': 'invocation', 'label': 'start', 'context': [<snowplow_tracker.self_describing_json.SelfDescribingJson object at 0x000002918DB82270>, <snowplow_tracker.self_describing_json.SelfDescribingJson object at 0x000002918B788CD0>, <snowplow_tracker.self_describing_json.SelfDescribingJson object at 0x00000291904979D0>]}


============================== 13:17:39.656864 | e0df4544-067a-4402-8a5e-b65b8001a69c ==============================
[0m13:17:39.656864 [info ] [MainThread]: Running with dbt=1.12.5
[0m13:17:39.657977 [debug] [MainThread]: running dbt with arguments {'maximum_seed_size_mib': '1', 'no_print': 'None', 'version_check': 'True', 'target_path': 'None', 'warn_error_options': 'WarnErrorOptionsV2(error=[], warn=[], silence=[])', 'static_parser': 'True', 'printer_width': '80', 'write_json': 'True', 'introspect': 'True', 'log_cache_events': 'False', 'empty': 'None', 'cache_selected_only': 'False', 'log_format': 'default', 'debug': 'False', 'fail_fast': 'False', 'partial_parse': 'True', 'send_anonymous_usage_stats': 'True', 'quiet': 'False', 'warn_error': 'None', 'profiles_dir': 'C:\\Users\\tkalk\\.dbt', 'indirect_selection': 'eager', 'hints_enabled': 'True', 'use_colors': 'True', 'use_experimental_parser': 'False', 'invocation_command': 'dbt init atmosync_dbt', 'log_path': 'logs'}
[0m13:17:39.739800 [info ] [MainThread]: Creating dbt configuration folder at C:\Users\tkalk\.dbt
[0m13:17:39.744557 [debug] [MainThread]: Starter project path: C:\Users\tkalk\projects\atmosync-week1\venv\Lib\site-packages\dbt\include\starter_project
[0m13:17:39.806370 [info ] [MainThread]: Setting up your profile.
[0m13:18:30.883845 [debug] [MainThread]: Snowflake adapter: Setting snowflake.connector to ERROR (file logging only)
[0m13:18:30.885282 [debug] [MainThread]: Snowflake adapter: Setting botocore to ERROR (file logging only)
[0m13:18:30.885752 [debug] [MainThread]: Snowflake adapter: Setting boto3 to ERROR (file logging only)
[0m13:58:14.690785 [info ] [MainThread]: Profile atmosync_dbt written to C:\Users\tkalk\.dbt\profiles.yml using target's profile_template.yml and your supplied values.
[0m13:58:14.844811 [info ] [MainThread]: Running dbt debug to validate the project...
[0m13:58:14.863608 [info ] [MainThread]: dbt version: 1.12.5
[0m13:58:14.864986 [info ] [MainThread]: python version: 3.14.3
[0m13:58:14.865954 [info ] [MainThread]: python path: C:\Users\tkalk\projects\atmosync-week1\venv\Scripts\python.exe
[0m13:58:14.867875 [info ] [MainThread]: os info: Windows-11-10.0.26200-SP0
[0m13:58:15.251070 [info ] [MainThread]: Using profiles dir at C:\Users\tkalk\.dbt
[0m13:58:15.252220 [info ] [MainThread]: Using profiles.yml file at C:\Users\tkalk\.dbt\profiles.yml
[0m13:58:15.252666 [info ] [MainThread]: Using dbt_project.yml file at C:\Users\tkalk\projects\atmosync-week1\atmosync_dbt\dbt_project.yml
[0m13:58:15.256813 [info ] [MainThread]: adapter type: snowflake
[0m13:58:15.257184 [info ] [MainThread]: adapter version: 1.12.1
[0m13:58:15.443049 [info ] [MainThread]: Configuration:
[0m13:58:15.444314 [info ] [MainThread]:   profiles.yml file [[32mOK found and valid[0m]
[0m13:58:15.444684 [info ] [MainThread]:   dbt_project.yml file [[32mOK found and valid[0m]
[0m13:58:15.445006 [info ] [MainThread]: Required dependencies:
[0m13:58:15.446851 [debug] [MainThread]: Executing "git --help"
[0m13:58:16.318372 [debug] [MainThread]: STDOUT: "b"usage: git [-v | --version] [-h | --help] [-C <path>] [-c <name>=<value>]\n           [--exec-path[=<path>]] [--html-path] [--man-path] [--info-path]\n           [-p | --paginate | -P | --no-pager] [--no-replace-objects] [--no-lazy-fetch]\n           [--no-optional-locks] [--no-advice] [--bare] [--git-dir=<path>]\n           [--work-tree=<path>] [--namespace=<name>] [--config-env=<name>=<envvar>]\n           <command> [<args>]\n\nThese are common Git commands used in various situations:\n\nstart a working area (see also: git help tutorial)\n   clone      Clone a repository into a new directory\n   init       Create an empty Git repository or reinitialize an existing one\n\nwork on the current change (see also: git help everyday)\n   add        Add file contents to the index\n   mv         Move or rename a file, a directory, or a symlink\n   restore    Restore working tree files\n   rm         Remove files from the working tree and from the index\n\nexamine the history and state (see also: git help revisions)\n   bisect     Use binary search to find the commit that introduced a bug\n   diff       Show changes between commits, commit and working tree, etc\n   grep       Print lines matching a pattern\n   log        Show commit logs\n   show       Show various types of objects\n   status     Show the working tree status\n\ngrow, mark and tweak your common history\n   backfill   Download missing objects in a partial clone\n   branch     List, create, or delete branches\n   commit     Record changes to the repository\n   history    EXPERIMENTAL: Rewrite history\n   merge      Join two or more development histories together\n   rebase     Reapply commits on top of another base tip\n   reset      Set `HEAD` or the index to a known state\n   switch     Switch branches\n   tag        Create, list, delete or verify tags\n\ncollaborate (see also: git help workflows)\n   fetch      Download objects and refs from another repository\n   pull       Fetch from and integrate with another repository or a local branch\n   push       Update remote refs along with associated objects\n\n'git help -a' and 'git help -g' list available subcommands and some\nconcept guides. See 'git help <command>' or 'git help <concept>'\nto read about a specific subcommand or concept.\nSee 'git help git' for an overview of the system.\n""
[0m13:58:16.319827 [debug] [MainThread]: STDERR: "b''"
[0m13:58:16.320705 [info ] [MainThread]:  - git [[32mOK found[0m]

[0m13:58:16.321107 [info ] [MainThread]: Connection:
[0m13:58:16.321685 [info ] [MainThread]:   account: iuvcpsy-ni63727
[0m13:58:16.322133 [info ] [MainThread]:   user: Tejasvi
[0m13:58:16.322538 [info ] [MainThread]:   database: microclimate_db
[0m13:58:16.322963 [info ] [MainThread]:   warehouse: COMPUTE_WH
[0m13:58:16.323363 [info ] [MainThread]:   role: ACCOUNTADMIN
[0m13:58:16.323769 [info ] [MainThread]:   schema: raw_data
[0m13:58:16.324132 [info ] [MainThread]:   authenticator: None
[0m13:58:16.324447 [info ] [MainThread]:   oauth_client_id: None
[0m13:58:16.324739 [info ] [MainThread]:   query_tag: None
[0m13:58:16.325049 [info ] [MainThread]:   client_session_keep_alive: False
[0m13:58:16.325405 [info ] [MainThread]:   host: None
[0m13:58:16.325707 [info ] [MainThread]:   port: None
[0m13:58:16.326000 [info ] [MainThread]:   proxy_host: None
[0m13:58:16.326342 [info ] [MainThread]:   proxy_port: None
[0m13:58:16.326778 [info ] [MainThread]:   protocol: None
[0m13:58:16.327171 [info ] [MainThread]:   connect_retries: 1
[0m13:58:16.327478 [info ] [MainThread]:   connect_timeout: None
[0m13:58:16.327781 [info ] [MainThread]:   retry_on_database_errors: False
[0m13:58:16.328099 [info ] [MainThread]:   retry_all: False
[0m13:58:16.328444 [info ] [MainThread]:   insecure_mode: False
[0m13:58:16.328788 [info ] [MainThread]:   reuse_connections: True
[0m13:58:16.329152 [info ] [MainThread]:   s3_stage_vpce_dns_name: None
[0m13:58:16.329487 [info ] [MainThread]:   workload_identity_provider: None
[0m13:58:16.329839 [info ] [MainThread]:   workload_identity_entra_resource: None
[0m13:58:16.330188 [info ] [MainThread]:   platform_detection_timeout_seconds: 0.0
[0m13:58:16.339111 [info ] [MainThread]: Registered adapter: snowflake=1.12.1
[0m13:58:17.970366 [debug] [MainThread]: Acquiring new snowflake connection 'debug'
[0m13:58:18.009482 [debug] [MainThread]: Using snowflake connection "debug"
[0m13:58:18.010468 [debug] [MainThread]: On debug: select 1 as id
[0m13:58:18.011476 [debug] [MainThread]: Opening a new connection, currently in state init
[0m13:58:24.177446 [debug] [MainThread]: Snowflake adapter: Error running SQL: select 1 as id
[0m13:58:24.178047 [debug] [MainThread]: Snowflake adapter: Rolling back transaction.
[0m13:58:24.179564 [info ] [MainThread]:   Connection test: [[31mERROR[0m]

[0m13:58:24.180103 [info ] [MainThread]: [31m1 check failed:[0m
[0m13:58:24.180596 [info ] [MainThread]: dbt was unable to connect to the specified database.
The database returned the following error:

  >Database Error
  390100 (28000): Failed to connect to DB: iuvcpsy-ni63727.snowflakecomputing.com:443. Incorrect username or password was specified. [61ea8b77-7bb9-4087-84ba-3fd219f84732]

Check your database credentials and try again. For more information, visit:
https://docs.getdbt.com/docs/configure-your-profile


[0m13:58:24.183771 [info ] [MainThread]: Your new dbt project "atmosync_dbt" was created!
Initialized new project in C:\Users\tkalk\projects\atmosync-week1\atmosync_dbt\atmosync_dbt

For more information on how to configure the profiles.yml file,
please consult the dbt documentation here:

  https://docs.getdbt.com/docs/configure-your-profile

One more thing:

Need help? Don't hesitate to reach out to us via GitHub issues or on Slack:

  https://community.getdbt.com/

Happy modeling!

[0m13:58:24.184459 [info ] [MainThread]: [31mYour profile may need adjustments. You can find the logs of `dbt debug` above[0m
[0m13:58:24.197659 [debug] [MainThread]: Command `dbt init` succeeded at 13:58:24.195439 after 2444.88 seconds
[0m13:58:24.201665 [debug] [MainThread]: Connection 'debug' was left open.
[0m13:58:24.202818 [debug] [MainThread]: On debug: No close available on handle
[0m13:58:24.206317 [debug] [MainThread]: Sending event: {'category': 'dbt', 'action': 'invocation', 'label': 'end', 'context': [<snowplow_tracker.self_describing_json.SelfDescribingJson object at 0x0000029190328B00>, <snowplow_tracker.self_describing_json.SelfDescribingJson object at 0x00000291924431D0>, <snowplow_tracker.self_describing_json.SelfDescribingJson object at 0x0000029192376140>]}
[0m13:58:24.209129 [debug] [MainThread]: Flushing usage events
[0m13:58:26.010875 [debug] [MainThread]: An error was encountered while trying to flush usage events
